# vsim -debugDB -l add.log -voptargs="+acc" -assertdebug -c testbench "+test=add" -do "log -r /*; run -all; quit" 
# Start time: 23:11:59 on Nov 21,2025
# ** Note: (vsim-8009) Loading existing optimized design _opt
# //  Questa Sim-64
# //  Version 2021.2_1 linux_x86_64 May 15 2021
# //
# //  Copyright 1991-2021 Mentor Graphics Corporation
# //  All Rights Reserved.
# //
# //  QuestaSim and its associated documentation contain trade
# //  secrets and commercial or financial information that are the property of
# //  Mentor Graphics Corporation and are privileged, confidential,
# //  and exempt from disclosure under the Freedom of Information Act,
# //  5 U.S.C. Section 552. Furthermore, this information
# //  is prohibited from disclosure under the Trade Secrets Act,
# //  18 U.S.C. Section 1905.
# //
# Loading sv_std.std
# Loading work.testbench(fast)
# Loading work.pipeline(fast)
# Loading work.fetch_stage(fast)
# Loading work.mux_alu_src(fast)
# Loading work.pc(fast)
# Loading work.inst_mem(fast)
# Loading work.pc_plus4F(fast)
# Loading work.IFID_register(fast)
# Loading work.decode_stage(fast)
# Loading work.imm_gen(fast)
# Loading work.reg_file(fast)
# Loading work.control_unit(fast)
# Loading work.IDEX_register(fast)
# Loading work.execute_stage(fast)
# Loading work.mux_forward(fast)
# Loading work.add(fast)
# Loading work.alu(fast)
# Loading work.branch(fast)
# Loading work.EXMEM_register(fast)
# Loading work.lsu(fast)
# Loading work.dmem(fast)
# Loading work.output_buffer(fast)
# Loading work.input_buffer(fast)
# Loading work.MEMWB_pipepline(fast)
# Loading work.data_hazard(fast)
# ** Note: (vsim-8716) Reusing existing debug database vsim.dbg.
# log -r /*
#  run -all
# ** Warning: (vsim-7) Failed to open readmem file "D:/single_cycle/00_src/instmem_data.hex" in read mode.
# No such file or directory. (errno = ENOENT)    : ../rtl/fetch/instr_mem.sv(7)
#    Time: 0 ps  Iteration: 0  Instance: /testbench/uut/u_fetch_stage/inst_mem_inst
# === Testbench: selected testcase = 'add' ===
# [75000] fed inst[0] = 0x00500093
# [95000] fed inst[1] = 0x00700113
# [105000] WB: x1 <= 0x00000005
# [115000] WB: x1 <= 0x00000005
# [115000] fed inst[2] = 0x002081b3
# [125000] WB: x2 <= 0x00000007
# [135000] WB: x2 <= 0x00000007
# [135000] fed inst[3] = 0x00218233
# [145000] WB: x3 <= 0x0000000c
# [155000] WB: x3 <= 0x0000000c
# [155000] fed inst[4] = 0x002202b3
# [165000] WB: x4 <= 0x00000013
# [175000] WB: x4 <= 0x00000013
# [175000] fed inst[5] = 0x00228333
# [185000] WB: x5 <= 0x0000001a
# [195000] WB: x5 <= 0x0000001a
# [205000] WB: x6 <= 0x00000021
# [215000] WB: x6 <= 0x00000021
# 
# === Final comparison ===
# x1 : expected = 0x00000005 (5), tb_model = 0x00000005 (5)
# x2 : expected = 0x00000007 (7), tb_model = 0x00000007 (7)
# x3 : expected = 0x0000000c (12), tb_model = 0x0000000c (12)
# x4 : expected = 0x00000013 (19), tb_model = 0x00000013 (19)
# x5 : expected = 0x0000001a (26), tb_model = 0x0000001a (26)
# x6 : expected = 0x00000021 (33), tb_model = 0x00000021 (33)
# >>> TEST PASSED: add <<<
# ** Note: $finish    : ../tb/testbench.sv(192)
#    Time: 335 ns  Iteration: 1  Instance: /testbench
# End time: 23:12:04 on Nov 21,2025, Elapsed time: 0:00:05
# Errors: 0, Warnings: 1
