# vsim +case1 {+HEX_FILE=C:/Users/VINH HA/Documents/Documents/tailieu/TAILIEUMONHOC/DOAN2/source_final1/RV32I_Pipeline_BranchPredict_OpenLane/hex/instmem_case1.hex} -assertdebug -do {log -r /*;run -all;quit} -l case1.log -debugDB -voptargs=+acc -c -sv_seed 1 testbench 
# ** Note: (vsim-3813) Design is being optimized due to module recompilation...
# 
# ** Note: (vsim-8611) Generating debug db.
# 
# ** Note: (vopt-4301) Memory core inferred for signal 'imem' width=32, depth=2048, type=ROM at location ../rtl/fetch/instr_mem.sv:5
# 
# ** Note: (vopt-4301) Memory core inferred for signal 'dmem' width=8, depth=8192, type=RAM at location ../rtl/memory/lsu/dmem.sv:14
# 
# //  Questa Sim-64
# //  Version 10.2c Unknown Platform Jul 19 2013
# //
# //  Copyright 1991-2013 Mentor Graphics Corporation
# //  All Rights Reserved.
# //
# //  THIS WORK CONTAINS TRADE SECRET AND PROPRIETARY INFORMATION
# //  WHICH IS THE PROPERTY OF MENTOR GRAPHICS CORPORATION OR ITS
# //  LICENSORS AND IS SUBJECT TO LICENSE TERMS.
# //
# Loading sv_std.std
# Loading work.testbench(fast)
# Loading work.pipeline(fast)
# Loading work.fetch_stage(fast)
# Loading work.branch_predict_unit(fast)
# Loading work.GHR(fast)
# Loading work.PHT(fast)
# Loading work.BTB(fast)
# Loading work.mux_alu_src(fast)
# Loading work.pc(fast)
# Loading work.inst_mem(fast)
# Loading work.pc_plus4F(fast)
# Loading work.IFID_register(fast)
# Loading work.decode_stage(fast)
# Loading work.imm_gen(fast)
# Loading work.reg_file(fast)
# Loading work.control_unit(fast)
# Loading work.IDEX_register(fast)
# Loading work.execute_stage(fast)
# Loading work.mux_forward(fast)
# Loading work.alu(fast)
# Loading work.branch(fast)
# Loading work.branch_resolve_unit(fast)
# Loading work.EXMEM_register(fast)
# Loading work.lsu(fast)
# Loading work.dmem(fast)
# Loading work.MEMWB_pipepline(fast)
# Loading work.data_hazard(fast)
# ** Note: (vsim-8716) Reusing existing debug database vsim.dbg.
# 
# log -r /* 
# run -all 
# Loading Instruction Memory from: C:/Users/VINH HA/Documents/Documents/tailieu/TAILIEUMONHOC/DOAN2/source_final1/RV32I_Pipeline_BranchPredict_OpenLane/hex/instmem_case1.hex
# [BRANCH] PC=0x00000008 pred=0 actual=0 CORRECT
# [BRANCH] PC=0x0000000c pred=0 actual=1   WRONG
# [BRANCH] PC=0x00000008 pred=0 actual=0 CORRECT
# [BRANCH] PC=0x0000000c pred=0 actual=1   WRONG
# [BRANCH] PC=0x00000008 pred=0 actual=0 CORRECT
# [BRANCH] PC=0x0000000c pred=0 actual=1   WRONG
# [BRANCH] PC=0x00000008 pred=0 actual=0 CORRECT
# [BRANCH] PC=0x0000000c pred=0 actual=1   WRONG
# [BRANCH] PC=0x00000008 pred=0 actual=0 CORRECT
# [BRANCH] PC=0x0000000c pred=0 actual=1   WRONG
# [BRANCH] PC=0x00000008 pred=0 actual=0 CORRECT
# [BRANCH] PC=0x0000000c pred=1 actual=1 CORRECT
# ====================================
#  G-SHARE EVALUATION 
# ====================================
# Total branches   : 12
# Correct predict  : 7
# Wrong predict    : 5
# Accuracy         : 58.33 %
# ====================================
# ====================================
#  REGISTER FILE DUMP 
# ====================================
# x0 = 0x00000000 (0)
# x1 = 0x0000000e (14)
# x2 = 0x00000000 (0)
# x3 = 0x00000000 (0)
# x4 = 0x00000000 (0)
# x5 = 0x00000000 (0)
# x6 = 0x00000000 (0)
# x7 = 0x00000000 (0)
# x8 = 0x00000000 (0)
# x9 = 0x00000000 (0)
# x10 = 0x00000000 (0)
# x11 = 0x00000000 (0)
# x12 = 0x00000000 (0)
# x13 = 0x00000000 (0)
# x14 = 0x00000000 (0)
# x15 = 0x00000000 (0)
# x16 = 0x00000000 (0)
# x17 = 0x00000000 (0)
# x18 = 0x00000000 (0)
# x19 = 0x00000000 (0)
# x20 = 0x00000000 (0)
# x21 = 0x00000000 (0)
# x22 = 0x00000000 (0)
# x23 = 0x00000000 (0)
# x24 = 0x00000000 (0)
# x25 = 0x00000000 (0)
# x26 = 0x00000000 (0)
# x27 = 0x00000000 (0)
# x28 = 0x00000000 (0)
# x29 = 0x00000000 (0)
# x30 = 0x00000000 (0)
# x31 = 0x00000000 (0)
# ====================================
# ** Note: $finish    : ../tb/testbench.sv(105)
#    Time: 51050 ns  Iteration: 0  Instance: /testbench
