QuestaSim-64 vlog 10.2c Compiler 2013.07 Jul 19 2013
-- Compiling module inst_mem
-- Compiling module pc
-- Compiling module pc_plus4F
-- Compiling module branch_predict_unit
-- Compiling module BTB
-- Compiling module PHT
-- Compiling module GHR
-- Compiling module control_unit
-- Compiling module imm_gen
-- Compiling module reg_file
-- Compiling module branch_resolve_unit
-- Compiling module alu
-- Compiling module branch
-- Compiling module mux_alu_src
-- Compiling module mux_forward
-- Compiling module dmem
-- Compiling module lsu
-- Compiling module fetch_stage
-- Compiling module decode_stage
-- Compiling module execute_stage
-- Compiling module IFID_register
-- Compiling module IDEX_register
-- Compiling module EXMEM_register
-- Compiling module MEMWB_pipepline
-- Compiling module data_hazard
-- Compiling module pipeline
-- Compiling module testbench

Top level modules:
	testbench
