# vsim -sv_seed 1 -debugDB -l itype.log -voptargs="+acc" -assertdebug -c testbench -do "log -r /*;run -all;quit" "+itype" "+HEX_FILE=/home/vinhha/source_for_linux/RV32I_Pipeline_BranchPredict_OpenLane/hex/instmem_itype.hex" 
# Start time: 14:25:26 on Nov 23,2025
# ** Note: (vsim-3813) Design is being optimized due to module recompilation...
# ** Note: (vsim-8611) Generating debug db.
# //  Questa Sim-64
# //  Version 2021.2_1 linux_x86_64 May 15 2021
# //
# //  Copyright 1991-2021 Mentor Graphics Corporation
# //  All Rights Reserved.
# //
# //  QuestaSim and its associated documentation contain trade
# //  secrets and commercial or financial information that are the property of
# //  Mentor Graphics Corporation and are privileged, confidential,
# //  and exempt from disclosure under the Freedom of Information Act,
# //  5 U.S.C. Section 552. Furthermore, this information
# //  is prohibited from disclosure under the Trade Secrets Act,
# //  18 U.S.C. Section 1905.
# //
# Loading sv_std.std
# Loading work.testbench(fast)
# Loading work.pipeline(fast)
# Loading work.fetch_stage(fast)
# Loading work.mux_alu_src(fast)
# Loading work.pc(fast)
# Loading work.inst_mem(fast)
# Loading work.pc_plus4F(fast)
# Loading work.IFID_register(fast)
# Loading work.decode_stage(fast)
# Loading work.imm_gen(fast)
# Loading work.reg_file(fast)
# Loading work.control_unit(fast)
# Loading work.IDEX_register(fast)
# Loading work.execute_stage(fast)
# Loading work.mux_forward(fast)
# Loading work.add(fast)
# Loading work.alu(fast)
# Loading work.branch(fast)
# Loading work.EXMEM_register(fast)
# Loading work.lsu(fast)
# Loading work.dmem(fast)
# Loading work.output_buffer(fast)
# Loading work.input_buffer(fast)
# Loading work.MEMWB_pipepline(fast)
# Loading work.data_hazard(fast)
# ** Note: (vsim-8900) Creating design debug database vsim.dbg.
# log -r /*
# run -all
# Loading Instruction Memory from: /home/vinhha/source_for_linux/RV32I_Pipeline_BranchPredict_OpenLane/hex/instmem_itype.hex
# === START REAL SIMULATION ===
# [SETUP] x1  =         16 (Expected: 16)
# [ADDI]  x2  =         26 (Expected: 26)
# [SLTI]  x3  =          1 (Expected: 1)
# [SLTI]  x4  =          0 (Expected: 0)
# [SLTIU] x5  =          1 (Expected: 1)
# [XORI]  x6  =         31 (Expected: 31)
# [ORI]   x7  =         48 (Expected: 48)
# [ANDI]  x8  =          0 (Expected: 0)
# [SLLI]  x9  =         64 (Expected: 64)
# [SRLI]  x10 =          4 (Expected: 4)
# [SRAI]  x11 =          4 (Expected: 4)
# [ADDI-] x12 =         10 (Expected: 10) -> PASSED SIGN EXTENSION
# [WB] rd= 0 val=00000000
# [WB] rd= 0 val=00000000
# [WB] rd= 0 val=00000000
# === SIMULATION FINISHED ===
# ** Note: $finish    : ../tb/testbench.sv(26)
#    Time: 315 ns  Iteration: 1  Instance: /testbench
# End time: 14:25:32 on Nov 23,2025, Elapsed time: 0:00:06
# Errors: 0, Warnings: 0
