# vsim -sv_seed 1 -debugDB -l jtype.log -voptargs="+acc" -assertdebug -c testbench -do "log -r /*;run -all;quit" "+jtype" "+HEX_FILE=/home/vinhha/source_for_linux/RV32I_Pipeline_BranchPredict_OpenLane/hex/instmem_jtype.hex" 
# Start time: 14:34:21 on Nov 23,2025
# ** Note: (vsim-3813) Design is being optimized due to module recompilation...
# ** Note: (vsim-8611) Generating debug db.
# //  Questa Sim-64
# //  Version 2021.2_1 linux_x86_64 May 15 2021
# //
# //  Copyright 1991-2021 Mentor Graphics Corporation
# //  All Rights Reserved.
# //
# //  QuestaSim and its associated documentation contain trade
# //  secrets and commercial or financial information that are the property of
# //  Mentor Graphics Corporation and are privileged, confidential,
# //  and exempt from disclosure under the Freedom of Information Act,
# //  5 U.S.C. Section 552. Furthermore, this information
# //  is prohibited from disclosure under the Trade Secrets Act,
# //  18 U.S.C. Section 1905.
# //
# Loading sv_std.std
# Loading work.testbench(fast)
# Loading work.pipeline(fast)
# Loading work.fetch_stage(fast)
# Loading work.mux_alu_src(fast)
# Loading work.pc(fast)
# Loading work.inst_mem(fast)
# Loading work.pc_plus4F(fast)
# Loading work.IFID_register(fast)
# Loading work.decode_stage(fast)
# Loading work.imm_gen(fast)
# Loading work.reg_file(fast)
# Loading work.control_unit(fast)
# Loading work.IDEX_register(fast)
# Loading work.execute_stage(fast)
# Loading work.mux_forward(fast)
# Loading work.add(fast)
# Loading work.alu(fast)
# Loading work.branch(fast)
# Loading work.EXMEM_register(fast)
# Loading work.lsu(fast)
# Loading work.dmem(fast)
# Loading work.output_buffer(fast)
# Loading work.input_buffer(fast)
# Loading work.MEMWB_pipepline(fast)
# Loading work.data_hazard(fast)
# ** Note: (vsim-8900) Creating design debug database vsim.dbg.
# log -r /*
# run -all
# Loading Instruction Memory from: /home/vinhha/source_for_linux/RV32I_Pipeline_BranchPredict_OpenLane/hex/instmem_jtype.hex
# === START REAL SIMULATION ===
# [JAL-Link] Pass (Saved PC+4 = 8)
# [JAL-Jump] Pass (Skipped FAIL instr)
# [JALR-Link] Pass (Saved PC+4 = 0x14)
# [JALR-Link] Pass (Saved PC+4 = 0x14)
# [JALR-Link] Pass (Saved PC+4 = 0x14)
# [JALR-Link] Pass (Saved PC+4 = 0x14)
# [JALR-Link] Pass (Saved PC+4 = 0x14)
# [JALR-Link] Pass (Saved PC+4 = 0x14)
# [JALR-Link] Pass (Saved PC+4 = 0x14)
# === SIMULATION FINISHED ===
# ** Note: $finish    : ../tb/testbench.sv(26)
#    Time: 315 ns  Iteration: 1  Instance: /testbench
# End time: 14:34:26 on Nov 23,2025, Elapsed time: 0:00:05
# Errors: 0, Warnings: 0
