# vsim -sv_seed 1 -debugDB -l rtype.log -voptargs="+acc" -assertdebug -c testbench -do "log -r /*;run -all;quit" "+rtype" "+HEX_FILE=/home/vinhha/source_for_linux/RV32I_Pipeline_BranchPredict_OpenLane/hex/instmem_rtype.hex" 
# Start time: 14:34:47 on Nov 23,2025
# ** Note: (vsim-8009) Loading existing optimized design _opt
# //  Questa Sim-64
# //  Version 2021.2_1 linux_x86_64 May 15 2021
# //
# //  Copyright 1991-2021 Mentor Graphics Corporation
# //  All Rights Reserved.
# //
# //  QuestaSim and its associated documentation contain trade
# //  secrets and commercial or financial information that are the property of
# //  Mentor Graphics Corporation and are privileged, confidential,
# //  and exempt from disclosure under the Freedom of Information Act,
# //  5 U.S.C. Section 552. Furthermore, this information
# //  is prohibited from disclosure under the Trade Secrets Act,
# //  18 U.S.C. Section 1905.
# //
# Loading sv_std.std
# Loading work.testbench(fast)
# Loading work.pipeline(fast)
# Loading work.fetch_stage(fast)
# Loading work.mux_alu_src(fast)
# Loading work.pc(fast)
# Loading work.inst_mem(fast)
# Loading work.pc_plus4F(fast)
# Loading work.IFID_register(fast)
# Loading work.decode_stage(fast)
# Loading work.imm_gen(fast)
# Loading work.reg_file(fast)
# Loading work.control_unit(fast)
# Loading work.IDEX_register(fast)
# Loading work.execute_stage(fast)
# Loading work.mux_forward(fast)
# Loading work.add(fast)
# Loading work.alu(fast)
# Loading work.branch(fast)
# Loading work.EXMEM_register(fast)
# Loading work.lsu(fast)
# Loading work.dmem(fast)
# Loading work.output_buffer(fast)
# Loading work.input_buffer(fast)
# Loading work.MEMWB_pipepline(fast)
# Loading work.data_hazard(fast)
# ** Note: (vsim-8716) Reusing existing debug database vsim.dbg.
# log -r /*
# run -all
# Loading Instruction Memory from: /home/vinhha/source_for_linux/RV32I_Pipeline_BranchPredict_OpenLane/hex/instmem_rtype.hex
# === START REAL SIMULATION ===
# [SETUP] x1  =        240 (Expected: 240)
# [SETUP] x2  =          4 (Expected: 4)
# [ADD]   x3  =        244 (Expected: 244)
# [SUB]   x4  =        236 (Expected: 236)
# [SLL]   x5  = 00000f00 (Expected: f00)
# [SLT]   x6  =          0 (Expected: 0)
# [SLTU]  x7  =          0 (Expected: 0)
# [XOR]   x8  = 000000f4 (Expected: f4)
# [SRL]   x9  = 0000000f (Expected: 0f)
# [SRA]   x10 = 0000000f (Expected: 0f)
# [OR]    x11 = 000000f4 (Expected: f4)
# [AND]   x12 = 00000000 (Expected: 00)
# [WB] rd= 0 val=00000000
# [WB] rd= 0 val=00000000
# [WB] rd= 0 val=00000000
# === SIMULATION FINISHED ===
# ** Note: $finish    : ../tb/testbench.sv(26)
#    Time: 315 ns  Iteration: 1  Instance: /testbench
# End time: 14:34:50 on Nov 23,2025, Elapsed time: 0:00:03
# Errors: 0, Warnings: 0
